{"request_id":"20260307_a96ce19f-7d75-4152-9c59-c00074f7c1e3","audios":["UklGRr6bAQBXQVZFZm10IBAAAAA